src/components/sections/ContactFormSection.tsx(140,46): error TS2345: Argument of type '"correo"' is not assignable to parameter of type '"nombre" | "telefono" | "servicio" | "sede" | "mensaje" | "tratamiento"'.
